---
source: tests/tui_snapshot_tests.rs
expression: output
---
┌──────────────────────────────────────────────────────────────────────────────────────────────────┐
│ears v1.0.0 │ Status: ○ Idle                                                                      │
└──────────────────────────────────────────────────────────────────────────────────────────────────┘
┌──────────────────────────────────────────────────────────────────────────────────────────────────┐
│ ▸ Status │ ▸ Configuration │ ▸ Logs │ ▸ Live                                                     │
└──────────────────────────────────────────────────────────────────────────────────────────────────┘
┌ Configuration ───────────────────────────────────────────────────────────────────────────────────┐
│                                                                                                  │
│Server URL: http://127.0.0.1:8178/                                                                │
│                                                                                                  │
│Model: unknown                                                                                    │
│                                                                                                  │
│Audio Device: alsa_input.usb-HP__Inc_HyperX_Cloud_II_Wireless_0-00.mono-fallback                  │
│                                                                                                  │
│                                                                                                  │
│Configuration editing not yet implemented                                                         │
│                                                                                                  │
│                                                                                                  │
│                                                                                                  │
│                                                                                                  │
│                                                                                                  │
│                                                                                                  │
│                                                                                                  │
│                                                                                                  │
│                                                                                                  │
│                                                                                                  │
└──────────────────────────────────────────────────────────────────────────────────────────────────┘
┌──────────────────────────────────────────────────────────────────────────────────────────────────┐
│[Space] Start/Stop  [v] VAD  [Tab] Panels  [j/k] Scroll  [q] Quit                                 │
└──────────────────────────────────────────────────────────────────────────────────────────────────┘
