---
source: tests/tui_snapshot_tests.rs
expression: output
---
┌──────────────────────────────────────────────────────────┐
┌──────────────────────────────────────────────────────────┐
┌ Live Transcription ──────────────────────────────────────┐
│                                                          │
│VAD Mode: ○ Inactive                                      │
│                                                          │
│Transcription:                                            │
│                                                          │
│  VAD mode is inactive. Press [Space] or [v] to enable.   │
│                                                          │
│                                                          │
└──────────────────────────────────────────────────────────┘
┌──────────────────────────────────────────────────────────┐
│[Space/v] VAD  [t] Typing  [a] Auto-corr  [q] Quit        │
└──────────────────────────────────────────────────────────┘
