---
source: tests/tui_snapshot_tests.rs
expression: output
---
┌──────────────────────────────────────────────────────────────────────────────────────────────────┐
│ears v1.0.0 │ Status: ○ Idle                                                                      │
└──────────────────────────────────────────────────────────────────────────────────────────────────┘
┌──────────────────────────────────────────────────────────────────────────────────────────────────┐
│ ▸ Status │ ▸ Configuration │ ▸ Logs                                                              │
└──────────────────────────────────────────────────────────────────────────────────────────────────┘
┌ Configuration ───────────────────────────────────────────────────────────────────────────────────┐
│                                                                                                  │
│Server URL: http://localhost:8178                                                                 │
│                                                                                                  │
│Model: ggml-base.en                                                                               │
│                                                                                                  │
│Audio Device: Default Device                                                                      │
│                                                                                                  │
│                                                                                                  │
│Configuration editing not yet implemented                                                         │
│                                                                                                  │
│                                                                                                  │
│                                                                                                  │
│                                                                                                  │
│                                                                                                  │
│                                                                                                  │
│                                                                                                  │
│                                                                                                  │
│                                                                                                  │
│                                                                                                  │
└──────────────────────────────────────────────────────────────────────────────────────────────────┘
┌──────────────────────────────────────────────────────────────────────────────────────────────────┐
│[Space] Start/Stop  [h/l] Tabs  [j/k] Scroll  [:] Command  [q] Quit                               │
└──────────────────────────────────────────────────────────────────────────────────────────────────┘
