---
source: tests/tui_snapshot_tests.rs
expression: output
---
┌──────────────────────────────────────────────────────────────────────────────────────────────────┐
│ears v1.0.0 │ Status: ○ Idle                                                                      │
└──────────────────────────────────────────────────────────────────────────────────────────────────┘
┌──────────────────────────────────────────────────────────────────────────────────────────────────┐
│ ▸ Status │ ▸ Configuration │ ▸ Logs │ ▸ Live                                                     │
└──────────────────────────────────────────────────────────────────────────────────────────────────┘
┌ Configuration ───────────────────────────────────────────────────────────────────────────────────┐
│                                                                                                  │
│Server URL: http://whisper.example.com/                                                           │
│                                                                                                  │
│Model: unknown                                                                                    │
│                                                                                                  │
│Audio Device: alsa_input.usb-HP__Inc_HyperX_Cloud_II_Wireless_0-00.mono-fallback                  │
│                                                                                                  │
│Language: no (Shift+L to cycle)                                                                   │
│                                                                                                  │
│                                                                                                  │
│Press Shift+L to cycle: auto → en → no → auto                                                     │
│                                                                                                  │
│                                                                                                  │
│                                                                                                  │
│                                                                                                  │
│                                                                                                  │
│                                                                                                  │
│                                                                                                  │
│                                                                                                  │
└──────────────────────────────────────────────────────────────────────────────────────────────────┘
┌──────────────────────────────────────────────────────────────────────────────────────────────────┐
│[Space] Start/Stop  [v] VAD  [Tab] Panels  [j/k] Scroll  [q] Quit                                 │
└──────────────────────────────────────────────────────────────────────────────────────────────────┘
