---
source: tests/tui_snapshot_tests.rs
expression: output
---
┌──────────────────────────────────────────────────────────────────────────────────────────────────────────────────────┐
│ EARS  vX.X.X  ·  speech recognition for linux                                                                ○  Idle │
└──────────────────────────────────────────────────────────────────────────────────────────────────────────────────────┘
┌──────────────────────────────────────────────────────────────────────────────────────────────────────────────────────┐
│ ▸ Configuration │ ▸ Logs │ ▸ Live                                                                                    │
└──────────────────────────────────────────────────────────────────────────────────────────────────────────────────────┘
┌ Configuration ───────────────────────────────────────────────────────────────────────────────────────────────────────┐
│                                                                                                                      │
│Profile: default [Shift+P]                                                                                            │
│                                                                                                                      │
│Server URL: http://127.0.0.1:8178/ [e]                                                                                │
│                                                                                                                      │
│Model: [MODEL]                                                                                                │
│                                                                                                                      │
│Audio Device: default [d]                                                                                             │
│                                                                                                                      │
│Language: auto (Shift+L to cycle)                                                                                     │
│                                                                                                                      │
│                                                                                                                      │
│Text Filters:                                                                                                         │
│  [ ] Lowercase [f]                                                                                                   │
│  [ ] Remove Punctuation [p]                                                                                          │
│  [x] Strict Alphabet [s]                                                                                             │
│                                                                                                                      │
│Typing Settings:                                                                                                      │
│  [ ] Progressive Typing [t]                                                                                          │
│  [ ] Auto-correction [a]                                                                                             │
│  [x] Auto Enter [n]                                                                                                  │
│  [ ] Save to Clipboard [b]                                                                                           │
│  Auto [m]                                                                                                            │
│  [ ] Bash Mode [g]                                                                                                   │
│  Cue Volume: 100% [+/-]                                                                                              │
│                                                                                                                      │
│Volume Ducking:                                                                                                       │
│  [ ] Enabled [Shift+D]                                                                                               │
│  [██████████░░░░░░░░░░] 50% [ / ]                                                                                    │
└──────────────────────────────────────────────────────────────────────────────────────────────────────────────────────┘
┌──────────────────────────────────────────────────────────────────────────────────────────────────────────────────────┐
│[P] Profile  [e] URL  [d] Device  [L] Lang  [f] Lower  [p] Punct  [n] Enter  [q] Quit                                 │
└──────────────────────────────────────────────────────────────────────────────────────────────────────────────────────┘
