---
source: tests/tui_snapshot_tests.rs
expression: output
---
┌──────────────────────────────────────────────────────────────────────────────┐
│ears v1.0.0 │ Status: ○ Idle                                                  │
└──────────────────────────────────────────────────────────────────────────────┘
┌──────────────────────────────────────────────────────────────────────────────┐
│ ▸ Status │ ▸ Configuration │ ▸ Logs                                          │
└──────────────────────────────────────────────────────────────────────────────┘
┌ Status ──────────────────────────────────────────────────────────────────────┐
│                                                                              │
│Current State: Idle                                                           │
│Model: ggml-base.en                                                           │
│Server: http://localhost:8178                                                 │
│Device: Default Device                                                        │
│                                                                              │
│                                                                              │
│                                                                              │
│                                                                              │
│                                                                              │
│                                                                              │
│                                                                              │
│                                                                              │
└──────────────────────────────────────────────────────────────────────────────┘
┌──────────────────────────────────────────────────────────────────────────────┐
│[Space] Start/Stop  [h/l] Tabs  [j/k] Scroll  [:] Command  [q] Quit           │
└──────────────────────────────────────────────────────────────────────────────┘
