---
source: tests/tui_snapshot_tests.rs
expression: output
---
┌──────────────────────────────────────────────────────────┐
┌──────────────────────────────────────────────────────────┐
┌ Status ──────────────────────────────────────────────────┐
│                                                          │
│Current State: Idle                                       │
│Profile: default                                          │
│Model: [MODEL]                                    │
│Server: http://127.0.0.1:8178/                            │
│Device: default                                           │
│Language: auto                                            │
│                                                          │
└──────────────────────────────────────────────────────────┘
┌──────────────────────────────────────────────────────────┐
│[Space] Start/Stop  [v] VAD  [Tab] Panels  [j/k] Scroll  [│
└──────────────────────────────────────────────────────────┘
