---
source: tests/tui_snapshot_tests.rs
expression: output
---
┌──────────────────────────────────────────────────────────────────────────────┐
│ears v1.1.0 │ Status: ○ Idle                                                  │
└──────────────────────────────────────────────────────────────────────────────┘
┌──────────────────────────────────────────────────────────────────────────────┐
│ ▸ Status │ ▸ Configuration │ ▸ Logs │ ▸ Live                                 │
└──────────────────────────────────────────────────────────────────────────────┘
┌ Status ──────────────────────────────────────────────────────────────────────┐
│                                                                              │
│Current State: Idle                                                           │
│Model: unknown                                                                │
│Server: http://127.0.0.1:8178/                                                │
│Device: alsa_input.usb-HP__Inc_HyperX_Cloud_II_Wireless_0-00.mono-fallback    │
│Language: auto                                                                │
│                                                                              │
│                                                                              │
│                                                                              │
│                                                                              │
│                                                                              │
│                                                                              │
│                                                                              │
└──────────────────────────────────────────────────────────────────────────────┘
┌──────────────────────────────────────────────────────────────────────────────┐
│:quit_                                                                        │
└──────────────────────────────────────────────────────────────────────────────┘
