---
source: tests/tui_snapshot_tests.rs
expression: output
---
┌──────────────────────────────────────────────────────────────────────────────┐
│ears vX.X.X │ Status: ○ Idle                                                 │
└──────────────────────────────────────────────────────────────────────────────┘
┌──────────────────────────────────────────────────────────────────────────────┐
│ ▸ Configuration │ ▸ Logs │ ▸ Live                                            │
└──────────────────────────────────────────────────────────────────────────────┘
┌ Live Transcription ──────────────────────────────────────────────────────────┐
│                                                                              │
│VAD Mode: ○ Inactive                                                          │
│                                                                              │
│Transcription:                                                                │
│                                                                              │
│  VAD mode is inactive. Press [Space] or [v] to enable.                       │
│                                                                              │
│                                                                              │
│Settings:                                                                     │
│  [ ] Progressive Typing [t]                                                  │
│  [ ] Auto-correction [a]                                                     │
│                                                                              │
│                                                                              │
└──────────────────────────────────────────────────────────────────────────────┘
┌──────────────────────────────────────────────────────────────────────────────┐
│:quit_                                                                        │
└──────────────────────────────────────────────────────────────────────────────┘
