---
source: tests/tui_snapshot_tests.rs
expression: output
---
┌──────────────────────────────────────────────────────────────────────────────┐
│ears vX.X.X │ Status: ○ Idle                                                 │
└──────────────────────────────────────────────────────────────────────────────┘
┌──────────────────────────────────────────────────────────────────────────────┐
│ ▸ Status │ ▸ Configuration │ ▸ Logs │ ▸ Live                                 │
└──────────────────────────────────────────────────────────────────────────────┘
┌ Status ──────────────────────────────────────────────────────────────────────┐
│                                                                              │
│Current State: Idle                                                           │
│Profile: default                                                              │
│Model: [MODEL]                                                        │
│Server: http://127.0.0.1:8178/                                                │
│Device: default                                                               │
│Language: auto                                                                │
│                                                                              │
│                                                                              │
│                                                                              │
│                                                                              │
│                                                                              │
│                                                                              │
└──────────────────────────────────────────────────────────────────────────────┘
┌──────────────────────────────────────────────────────────────────────────────┐
│:quit_                                                                        │
└──────────────────────────────────────────────────────────────────────────────┘
