---
source: tests/tui_snapshot_tests.rs
expression: output
---
┌──────────────────────────────────────────────────────────────────────────────────────────────────┐
│ears v1.0.0 │ Status: ○ Idle                                                                      │
└──────────────────────────────────────────────────────────────────────────────────────────────────┘
┌──────────────────────────────────────────────────────────────────────────────────────────────────┐
│ ▸ Status │ ▸ Configuration │ ▸ Logs                                                              │
└──────────────────────────────────────────────────────────────────────────────────────────────────┘
┌ Logs ────────────────────────────────────────────────────────────────────────────────────────────┐
│2024-01-04 12:00:00 - Recording started                                                           │
│2024-01-04 12:00:05 - Transcription: Hello world                                                  │
│2024-01-04 12:00:10 - Recording stopped                                                           │
│                                                                                                  │
│                                                                                                  │
│                                                                                                  │
│                                                                                                  │
│                                                                                                  │
│                                                                                                  │
│                                                                                                  │
│                                                                                                  │
│                                                                                                  │
│                                                                                                  │
│                                                                                                  │
│                                                                                                  │
│                                                                                                  │
│                                                                                                  │
│                                                                                                  │
│                                                                                                  │
└──────────────────────────────────────────────────────────────────────────────────────────────────┘
┌──────────────────────────────────────────────────────────────────────────────────────────────────┐
│[Space] Start/Stop  [h/l] Tabs  [j/k] Scroll  [:] Command  [q] Quit                               │
└──────────────────────────────────────────────────────────────────────────────────────────────────┘
